Hiray@DESKTOP-377NRSH MINGW64 ~
$ cd C:\\Users\\Hiray\\Desktop\\demopush

Hiray@DESKTOP-377NRSH MINGW64 ~/Desktop/demopush
$ git init
Initialized empty Git repository in C:/Users/Hiray/Desktop/demopush/.git/

Hiray@DESKTOP-377NRSH MINGW64 ~/Desktop/demopush (master)
$ ls
devops1.txt  devops2.txt  devops3.txt

Hiray@DESKTOP-377NRSH MINGW64 ~/Desktop/demopush (master)
$ git status
On branch master

No commits yet

Untracked files:
  (use "git add <file>..." to include in what will be committed)
        devops1.txt
        devops2.txt
        devops3.txt

nothing added to commit but untracked files present (use "git add" to track)

Hiray@DESKTOP-377NRSH MINGW64 ~/Desktop/demopush (master)
$ git add .

Hiray@DESKTOP-377NRSH MINGW64 ~/Desktop/demopush (master)
$ git config --global user.email "atharvakinjaw@gmail.com"

Hiray@DESKTOP-377NRSH MINGW64 ~/Desktop/demopush (master)
$ git commit -m "code added"
[master (root-commit) 40e3c32] code added
 3 files changed, 3 insertions(+)
 create mode 100644 devops1.txt
 create mode 100644 devops2.txt
 create mode 100644 devops3.txt

Hiray@DESKTOP-377NRSH MINGW64 ~/Desktop/demopush (master)
$ git branch -m main

Hiray@DESKTOP-377NRSH MINGW64 ~/Desktop/demopush (main)
$ git remote add origin https://github.com/AtharvKinjawadekar/Devops.git

Hiray@DESKTOP-377NRSH MINGW64 ~/Desktop/demopush (main)
$ git push origin main
info: please complete authentication in your browser...
Enumerating objects: 5, done.
Counting objects: 100% (5/5), done.
Delta compression using up to 4 threads
Compressing objects: 100% (2/2), done.
Writing objects: 100% (5/5), 331 bytes | 36.00 KiB/s, done.
Total 5 (delta 0), reused 0 (delta 0), pack-reused 0 (from 0)
To https://github.com/AtharvKinjawadekar/Devops.git
 * [new branch]      main -> main

Hiray@DESKTOP-377NRSH MINGW64 ~/Desktop/demopush (main)
$ git pull origin main
remote: Enumerating objects: 5, done.
remote: Counting objects: 100% (5/5), done.
remote: Compressing objects: 100% (2/2), done.
remote: Total 3 (delta 0), reused 0 (delta 0), pack-reused 0 (from 0)
Unpacking objects: 100% (3/3), 986 bytes | 123.00 KiB/s, done.
From https://github.com/AtharvKinjawadekar/Devops
 * branch            main       -> FETCH_HEAD
   40e3c32..73b63d5  main       -> origin/main
Updating 40e3c32..73b63d5
Fast-forward
 devops1.txt | 3 ++-
 1 file changed, 2 insertions(+), 1 deletion(-)

=================================================creating branches=========================================================================


Hiray@DESKTOP-377NRSH MINGW64 ~
$ cd C:\\Users\\Hiray\\Desktop\\demopush

Hiray@DESKTOP-377NRSH MINGW64 ~/Desktop/demopush (main)
$ git init
Reinitialized existing Git repository in C:/Users/Hiray/Desktop/demopush/.git/

Hiray@DESKTOP-377NRSH MINGW64 ~/Desktop/demopush (main)
$ git clone https://github.com/AtharvKinjawadekar/Devops.git
Cloning into 'Devops'...
remote: Enumerating objects: 8, done.
remote: Counting objects: 100% (8/8), done.
remote: Compressing objects: 100% (4/4), done.
remote: Total 8 (delta 0), reused 5 (delta 0), pack-reused 0 (from 0)
Receiving objects: 100% (8/8), done.

Hiray@DESKTOP-377NRSH MINGW64 ~/Desktop/demopush (main)
$ ls
Devops/  devops1.txt  devops2.txt  devops3.txt

Hiray@DESKTOP-377NRSH MINGW64 ~/Desktop/demopush (main)
$ cd Devops

Hiray@DESKTOP-377NRSH MINGW64 ~/Desktop/demopush/Devops (main)
$ git status
On branch main
Your branch is up to date with 'origin/main'.

nothing to commit, working tree clean

Hiray@DESKTOP-377NRSH MINGW64 ~/Desktop/demopush/Devops (main)
$ git log --online --decorate
fatal: unrecognized argument: --online

Hiray@DESKTOP-377NRSH MINGW64 ~/Desktop/demopush/Devops (main)
$ git log --oneline --decorate
73b63d5 (HEAD -> main, origin/main, origin/HEAD) devops1.txt
40e3c32 code added

Hiray@DESKTOP-377NRSH MINGW64 ~/Desktop/demopush/Devops (main)
$ git branch hiray


Hiray@DESKTOP-377NRSH MINGW64 ~/Desktop/demopush/Devops (main)
$ git checkout hiray
Switched to branch 'hiray'

Hiray@DESKTOP-377NRSH MINGW64 ~/Desktop/demopush/Devops (hiray)
$ git status
On branch hiray
nothing to commit, working tree clean

Hiray@DESKTOP-377NRSH MINGW64 ~/Desktop/demopush/Devops (hiray)
$ git log --oneline --decorate
73b63d5 (HEAD -> hiray, origin/main, origin/HEAD, main) devops1.txt
40e3c32 code added

Hiray@DESKTOP-377NRSH MINGW64 ~/Desktop/demopush/Devops (hiray)
$ vim hiray.txt

Hiray@DESKTOP-377NRSH MINGW64 ~/Desktop/demopush/Devops (hiray)
$ cat hiray.txt
Devops

Hiray@DESKTOP-377NRSH MINGW64 ~/Desktop/demopush/Devops (hiray)
$ git status
On branch hiray
Untracked files:
  (use "git add <file>..." to include in what will be committed)
        hiray.txt

nothing added to commit but untracked files present (use "git add" to track)

Hiray@DESKTOP-377NRSH MINGW64 ~/Desktop/demopush/Devops (hiray)
$ git add hiray.txt
warning: in the working copy of 'hiray.txt', LF will be replaced by CRLF the next time Git touches it

Hiray@DESKTOP-377NRSH MINGW64 ~/Desktop/demopush/Devops (hiray)
$ git status
On branch hiray
Changes to be committed:
  (use "git restore --staged <file>..." to unstage)
        new file:   hiray.txt


Hiray@DESKTOP-377NRSH MINGW64 ~/Desktop/demopush/Devops (hiray)
$ git commit -m "first commit on hiray branch"
[hiray bf4269f] first commit on hiray branch
 1 file changed, 2 insertions(+)
 create mode 100644 hiray.txt

Hiray@DESKTOP-377NRSH MINGW64 ~/Desktop/demopush/Devops (hiray)
$ git push origin hiray
Enumerating objects: 4, done.
Counting objects: 100% (4/4), done.
Delta compression using up to 4 threads
Compressing objects: 100% (2/2), done.
Writing objects: 100% (3/3), 290 bytes | 290.00 KiB/s, done.
Total 3 (delta 1), reused 0 (delta 0), pack-reused 0 (from 0)
remote: Resolving deltas: 100% (1/1), completed with 1 local object.
remote:
remote: Create a pull request for 'hiray' on GitHub by visiting:
remote:      https://github.com/AtharvKinjawadekar/Devops/pull/new/hiray
remote:
To https://github.com/AtharvKinjawadekar/Devops.git
 * [new branch]      hiray -> hiray

============================merging both branches=========================================================================
Hiray@DESKTOP-377NRSH MINGW64 ~/Desktop/demopush/Devops (hiray)
$ git checkout main
Switched to branch 'main'
Your branch is up to date with 'origin/main'.

Hiray@DESKTOP-377NRSH MINGW64 ~/Desktop/demopush/Devops (main)
$ git merge hiray
Updating 73b63d5..bf4269f
Fast-forward
 hiray.txt | 2 ++
 1 file changed, 2 insertions(+)
 create mode 100644 hiray.txt

Hiray@DESKTOP-377NRSH MINGW64 ~/Desktop/demopush/Devops (main)
$ git push origin main
Total 0 (delta 0), reused 0 (delta 0), pack-reused 0 (from 0)
To https://github.com/AtharvKinjawadekar/Devops.git
   73b63d5..bf4269f  main -> main
